
> paeds_resus_app@1.0.0 build
> vite build && esbuild server/_core/index.ts --platform=node --packages=external --bundle --format=esm --outdir=dist

vite v7.1.9 building for production...
transforming...
✓ 3008 modules transformed.
rendering chunks...
computing gzip size...
../dist/public/index.html                                              3.59 kB │ gzip:   1.05 kB
../dist/public/assets/index-CJEuUoWP.css                             279.80 kB │ gzip:  38.04 kB
../dist/public/assets/normalize-email-4uyofSOc.js                      0.06 kB │ gzip:   0.08 kB
../dist/public/assets/useScrollToTop-DZJNvA5h.js                       0.17 kB │ gzip:   0.16 kB
../dist/public/assets/skeleton-DMN-8w4y.js                             0.29 kB │ gzip:   0.23 kB
../dist/public/assets/user-phone-DfF4gvya.js                           0.39 kB │ gzip:   0.24 kB
../dist/public/assets/platform-feedback-DQyp4-P_.js                    0.44 kB │ gzip:   0.26 kB
../dist/public/assets/readable-surfaces-C_UUOGuW.js                    0.47 kB │ gzip:   0.23 kB
../dist/public/assets/legal-versions-CFWPbJZU.js                       0.53 kB │ gzip:   0.32 kB
../dist/public/assets/payment-success-C91Z6QgV.js                      0.55 kB │ gzip:   0.32 kB
../dist/public/assets/progress-mrc1Iaev.js                             0.55 kB │ gzip:   0.35 kB
../dist/public/assets/useProviderConversionAnalytics-DeYEOtpk.js       0.60 kB │ gzip:   0.41 kB
../dist/public/assets/AhaCourseDurationLines-Bbcjw25R.js               0.61 kB │ gzip:   0.35 kB
../dist/public/assets/CookieNotice-BmmB5qXj.js                         0.62 kB │ gzip:   0.39 kB
../dist/public/assets/Subprocessors-CisnEMga.js                        0.63 kB │ gzip:   0.39 kB
../dist/public/assets/useComposition-by3j_t4G.js                       0.77 kB │ gzip:   0.38 kB
../dist/public/assets/textarea-CK39F9hI.js                             1.20 kB │ gzip:   0.64 kB
../dist/public/assets/radio-group-CsS0KT6P.js                          1.22 kB │ gzip:   0.56 kB
../dist/public/assets/badge-BlDdVCR3.js                                1.24 kB │ gzip:   0.61 kB
../dist/public/assets/FellowshipWhy-XqIQikkL.js                        1.29 kB │ gzip:   0.59 kB
../dist/public/assets/input-BTZt3DrY.js                                1.37 kB │ gzip:   0.69 kB
../dist/public/assets/usePageMeta-CPT6LuDh.js                          1.54 kB │ gzip:   0.70 kB
../dist/public/assets/tabs-D0cdeRYd.js                                 1.54 kB │ gzip:   0.63 kB
../dist/public/assets/FeedbackPage-pGkY5gO5.js                         1.64 kB │ gzip:   0.73 kB
../dist/public/assets/BottomNav-D3ShUdvV.js                            2.07 kB │ gzip:   0.87 kB
../dist/public/assets/AssessmentPolicyBanner-mmv4pDcO.js               2.23 kB │ gzip:   0.88 kB
../dist/public/assets/cookie-notice-xaRxJ_Xl.js                        2.25 kB │ gzip:   1.17 kB
../dist/public/assets/AhaHubCourseCard-wXWLU-7e.js                     2.37 kB │ gzip:   0.88 kB
../dist/public/assets/useAnalytics-Da08AZzh.js                         2.46 kB │ gzip:   0.80 kB
../dist/public/assets/FellowshipAbout-Cd9HH7o9.js                      2.80 kB │ gzip:   0.99 kB
../dist/public/assets/AhaCertificationPath-DT50fYqa.js                 2.87 kB │ gzip:   0.82 kB
../dist/public/assets/FellowshipLearnerPageLayout-DBOgShoP.js          2.98 kB │ gzip:   0.79 kB
../dist/public/assets/pricing-D4TxS9fP.js                              3.10 kB │ gzip:   1.13 kB
../dist/public/assets/CareSignalAppeal-Cxhe9jyh.js                     3.30 kB │ gzip:   1.10 kB
../dist/public/assets/ForgotPassword-7f0ec7Yt.js                       3.32 kB │ gzip:   1.12 kB
../dist/public/assets/CertificateDownloadFeedbackDialog-BvdVKVeC.js    3.49 kB │ gzip:   1.14 kB
../dist/public/assets/ForParents-CS-wCgy8.js                           3.51 kB │ gzip:   1.28 kB
../dist/public/assets/FeedbackDialog-C2sXPqGO.js                       3.52 kB │ gzip:   1.27 kB
../dist/public/assets/ClinicalContentSafetyFooter-B_Dze6L9.js          3.87 kB │ gzip:   1.51 kB
../dist/public/assets/LegalDocumentLayout-DhY3dXtU.js                  4.21 kB │ gzip:   0.98 kB
../dist/public/assets/PWAInstallBanner-DDyqo52O.js                     4.24 kB │ gzip:   1.41 kB
../dist/public/assets/CourseInstructor-B3wECfo1.js                     4.56 kB │ gzip:   1.36 kB
../dist/public/assets/AHACoursesPublic-Biwe6O1E.js                     4.56 kB │ gzip:   1.50 kB
../dist/public/assets/ForInstitutions-I9xWhWb1.js                      4.62 kB │ gzip:   1.60 kB
../dist/public/assets/select-CS7ftpc-.js                               4.64 kB │ gzip:   1.40 kB
../dist/public/assets/About--kvvUMjE.js                                4.70 kB │ gzip:   1.40 kB
../dist/public/assets/Login-Cq74QVOz.js                                4.84 kB │ gzip:   1.76 kB
../dist/public/assets/DataRequest-O6dLo__x.js                          4.91 kB │ gzip:   1.44 kB
../dist/public/assets/PaymentSuccess-CNeuvwvW.js                       4.96 kB │ gzip:   1.77 kB
../dist/public/assets/CareSignalNotice-BkMYR5Kx.js                     5.02 kB │ gzip:   2.30 kB
../dist/public/assets/ClinicalIntendedUse-CDrWSkYf.js                  5.15 kB │ gzip:   2.32 kB
../dist/public/assets/Help-DJfCqPSS.js                                 5.81 kB │ gzip:   1.35 kB
../dist/public/assets/fellowship-learner-content-BaiQq002.js           5.85 kB │ gzip:   2.47 kB
../dist/public/assets/ForProviders-Bgz0acl9.js                         5.92 kB │ gzip:   1.64 kB
../dist/public/assets/ResetPassword-CY2_r3Is.js                        6.00 kB │ gzip:   1.51 kB
../dist/public/assets/CourseACLS-DY7mBtRk.js                           6.19 kB │ gzip:   1.79 kB
../dist/public/assets/Home-C2Z4-w2_.js                                 6.24 kB │ gzip:   1.91 kB
../dist/public/assets/JoinSession-BVQigybv.js                          6.42 kB │ gzip:   2.02 kB
../dist/public/assets/exam-policy-learner-content-ebvjnrKP.js          6.57 kB │ gzip:   2.39 kB
../dist/public/assets/AdminFeedback-DXHs0h4v.js                        6.89 kB │ gzip:   2.00 kB
../dist/public/assets/TermsOfUse-DFH0Shoo.js                           6.99 kB │ gzip:   3.09 kB
../dist/public/assets/AddPatientForm-CGuTslgu.js                       7.10 kB │ gzip:   1.59 kB
../dist/public/assets/TrainingHub-DeiNWrHC.js                          7.21 kB │ gzip:   2.11 kB
../dist/public/assets/ExamPolicy-CZfhM800.js                           7.29 kB │ gzip:   1.65 kB
../dist/public/assets/FellowshipGraduationCard-B5vHwX8u.js             7.37 kB │ gzip:   2.21 kB
../dist/public/assets/CourseIntubationEssentials-BsFPedXV.js           7.42 kB │ gzip:   1.92 kB
../dist/public/assets/AccountSettings-D2EyRjb_.js                      7.51 kB │ gzip:   2.11 kB
../dist/public/assets/FacilityPicker-CWWDjKD1.js                       8.05 kB │ gzip:   2.38 kB
../dist/public/assets/TrainingCourseLanding-DQ-XJQfS.js                8.85 kB │ gzip:   2.52 kB
../dist/public/assets/EnrollmentModal-CLRJ6oiT.js                      9.31 kB │ gzip:   2.35 kB
../dist/public/assets/PrivacyPolicy-zBIEdEl8.js                        9.40 kB │ gzip:   4.02 kB
../dist/public/assets/AdminMpesaWebhooks-BfJ7ZIxb.js                   9.48 kB │ gzip:   2.49 kB
../dist/public/assets/Register-vJmTRBjY.js                             9.81 kB │ gzip:   2.72 kB
../dist/public/assets/CoursePaediatricSepticShock-Buw0xYEV.js         10.04 kB │ gzip:   2.54 kB
../dist/public/assets/TargetedSolutions-DoST2p70.js                   10.48 kB │ gzip:   2.80 kB
../dist/public/assets/seo-schema-D29wY3tU.js                          10.77 kB │ gzip:   2.67 kB
../dist/public/assets/AHABookSession-cr2AHhgp.js                      10.82 kB │ gzip:   2.90 kB
../dist/public/assets/ProblemIdentification-DG2-fahi.js               10.88 kB │ gzip:   2.96 kB
../dist/public/assets/PatientsList-pUdxHDqU.js                        10.88 kB │ gzip:   2.30 kB
../dist/public/assets/PersonalImpactDashboard-BQltS8qJ.js             11.11 kB │ gzip:   2.20 kB
../dist/public/assets/FacilityCareSignalDashboard-Cy6Z2MfQ.js         11.12 kB │ gzip:   2.12 kB
../dist/public/assets/CourseBLS-D-qSD_BB.js                           11.26 kB │ gzip:   2.49 kB
../dist/public/assets/care-signal-v2-CqBZ8xkq.js                      11.64 kB │ gzip:   3.91 kB
../dist/public/assets/CapstoneGradingPanel-CdCIqYhN.js                11.84 kB │ gzip:   2.94 kB
../dist/public/assets/AdminMpesaReconciliation-D3zPGyQt.js            11.87 kB │ gzip:   3.04 kB
../dist/public/assets/Reassessment-CYKTDMoZ.js                        12.04 kB │ gzip:   2.80 kB
../dist/public/assets/FacilityTrainingGaps-ChHgHlTF.js                12.30 kB │ gzip:   2.35 kB
../dist/public/assets/AHACourses-C5Jr0064.js                          12.49 kB │ gzip:   3.55 kB
../dist/public/assets/VerifyCertificate-Bew2JdED.js                   12.53 kB │ gzip:   2.74 kB
../dist/public/assets/CourseGenericMicro-CDk30Dzd.js                  12.62 kB │ gzip:   3.00 kB
../dist/public/assets/AdminHub-bDsY1NHk.js                            13.38 kB │ gzip:   2.80 kB
../dist/public/assets/CPRMonitoring-DIV7eLSq.js                       13.60 kB │ gzip:   2.58 kB
../dist/public/assets/Referral-BFmTnNVr.js                            14.16 kB │ gzip:   3.12 kB
../dist/public/assets/AdminFacilityCareSignal-DEXGLKIt.js             14.17 kB │ gzip:   2.78 kB
../dist/public/assets/MicroCoursesLanding-BepY0lPT.js                 14.26 kB │ gzip:   3.41 kB
../dist/public/assets/AdminOps-CO3bZFKs.js                            14.81 kB │ gzip:   3.30 kB
../dist/public/assets/training-landing-content-CpkCaLfr.js            17.06 kB │ gzip:   5.65 kB
../dist/public/assets/ProviderDashboard-Da2QBQoe.js                   17.25 kB │ gzip:   4.46 kB
../dist/public/assets/PredictiveInterventionDashboard-D78nQoID.js     17.62 kB │ gzip:   2.85 kB
../dist/public/assets/FellowshipProgress-RyOZ-lCJ.js                  17.75 kB │ gzip:   3.05 kB
../dist/public/assets/AdvancedAnalytics-Dny38iXc.js                   18.30 kB │ gzip:   3.21 kB
../dist/public/assets/PersonalizedLearningDashboard-BPIurt2U.js       18.52 kB │ gzip:   2.85 kB
../dist/public/assets/PublicHome-C1PjosxD.js                          18.75 kB │ gzip:   4.02 kB
../dist/public/assets/NationalAggregateSignal-D8jSuJkb.js             18.89 kB │ gzip:   4.38 kB
../dist/public/assets/AdminCareSignalReview-Dy-OyuJn.js               18.93 kB │ gzip:   3.73 kB
../dist/public/assets/InstitutionalOnboarding-CfABf_fb.js             19.48 kB │ gzip:   4.44 kB
../dist/public/assets/CirculationAssessment-DXZl4OE9.js               20.29 kB │ gzip:   3.93 kB
../dist/public/assets/MultiFacilityBenchmarkWidget-CjVxDx0N.js        20.50 kB │ gzip:   4.22 kB
../dist/public/assets/EmergencyProtocols-N22A6wQc.js                  20.92 kB │ gzip:   3.89 kB
../dist/public/assets/InstructorPortal-DwQvhzEK.js                    22.21 kB │ gzip:   4.96 kB
../dist/public/assets/Enroll-DVOLBRJm.js                              22.35 kB │ gzip:   4.68 kB
../dist/public/assets/sanitizeCourseHtml-BRf5AuH-.js                  24.40 kB │ gzip:   9.22 kB
../dist/public/assets/Payment-r3VuIt91.js                             25.84 kB │ gzip:   6.95 kB
../dist/public/assets/KaizenDashboard-CweWZlcq.js                     26.32 kB │ gzip:   3.50 kB
../dist/public/assets/CareSignalAnalytics-CYZo2-Sj.js                 26.37 kB │ gzip:   5.82 kB
../dist/public/assets/LearnerDashboard-B6CbWLDl.js                    28.69 kB │ gzip:   6.58 kB
../dist/public/assets/PerformanceDashboard-CNa_UpGs.js                31.84 kB │ gzip:   4.97 kB
../dist/public/assets/ProviderProfile-Cu7HxkiB.js                     33.87 kB │ gzip:   5.29 kB
../dist/public/assets/LearningPath-CYQ9TrMQ.js                        36.77 kB │ gzip:   8.88 kB
../dist/public/assets/FellowshipDashboard-DuDfyqGS.js                 37.49 kB │ gzip:   7.35 kB
../dist/public/assets/vendor-rq-D4QNOGI0.js                           39.62 kB │ gzip:  11.64 kB
../dist/public/assets/vendor-trpc-D7T6rvjb.js                         44.72 kB │ gzip:  11.97 kB
../dist/public/assets/Institutional-DgEB3hIq.js                       48.10 kB │ gzip:   9.93 kB
../dist/public/assets/ParentSafeTruth-Dn_ipUw7.js                     49.04 kB │ gzip:  10.97 kB
../dist/public/assets/vendor-icons-IXaDvc1H.js                        62.49 kB │ gzip:  13.84 kB
../dist/public/assets/CareSignal-DmOWnJWp.js                          63.87 kB │ gzip:  12.73 kB
../dist/public/assets/AHAPracticeLab-DmXoWFfb.js                      84.54 kB │ gzip:  19.81 kB
../dist/public/assets/MicroCoursePlayerDB-C2PALKAd.js                 96.64 kB │ gzip:  24.15 kB
../dist/public/assets/CPRClockStreamlined-VuHi1U2l.js                104.37 kB │ gzip:  24.33 kB
../dist/public/assets/AdminReports-B3sSCmfc.js                       117.52 kB │ gzip:  20.65 kB
../dist/public/assets/HospitalAdminDashboard-CHMtrcjf.js             162.12 kB │ gzip:  31.25 kB
../dist/public/assets/index-C_oy_igy.js                              180.93 kB │ gzip:  49.21 kB
../dist/public/assets/ResusGated-C8esQv8r.js                         364.66 kB │ gzip:  93.00 kB
../dist/public/assets/vendor-react-dom-BYOwpDrU.js                   762.78 kB │ gzip: 222.76 kB
✓ built in 10.51s

  dist/index.js  2.0mb ⚠️

⚡ Done in 55ms
